exports[`test renders correctly 1`] = `
<div
  style={
    Object {
      "display": "flex",
    }
  }>
  <div
    className="ui borderless fluid menu"
    style={
      Object {
        "flex": 1,
        "flexFlow": "row wrap",
      }
    }>
    <a
      className="item"
      onClick={[Function]}
      style={
        Object {
          "border": "1px solid rgb(247, 247, 247)",
          "borderRadius": ".28571429rem",
        }
      }>
      
    </a>
  </div>
</div>
`;
